sddasd

